TAP version 13
# Subtest: migration copies the selected drawing API once without changing native or primary settings
ok 1 - migration copies the selected drawing API once without changing native or primary settings
  ---
  duration_ms: 3.8367
  type: 'test'
  ...
# Subtest: explicit helper preference survives migration, blank new installation is configurable
ok 2 - explicit helper preference survives migration, blank new installation is configurable
  ---
  duration_ms: 0.2232
  type: 'test'
  ...
# Subtest: save and switch actually change the next request URL key and model
ok 3 - save and switch actually change the next request URL key and model
  ---
  duration_ms: 23.8904
  type: 'test'
  ...
# Subtest: profile names export import and deletion preserve a valid active profile and never export keys by default
ok 4 - profile names export import and deletion preserve a valid active profile and never export keys by default
  ---
  duration_ms: 1.0637
  type: 'test'
  ...
# Subtest: URL validation normalizes endpoint suffixes without guessing versions and blocks credential URLs
ok 5 - URL validation normalizes endpoint suffixes without guessing versions and blocks credential URLs
  ---
  duration_ms: 0.2098
  type: 'test'
  ...
# Subtest: model list uses the same selected profile and proxy headers without changing the typed model
ok 6 - model list uses the same selected profile and proxy headers without changing the typed model
  ---
  duration_ms: 0.9608
  type: 'test'
  ...
# Subtest: direct model list supports model names, clean error messages do not echo private upstream responses
ok 7 - direct model list supports model names, clean error messages do not echo private upstream responses
  ---
  duration_ms: 0.7838
  type: 'test'
  ...
# Subtest: all hard matches remain reachable beyond sixty with stable non-overlapping pages
ok 8 - all hard matches remain reachable beyond sixty with stable non-overlapping pages
  ---
  duration_ms: 1536.3647
  type: 'test'
  ...
# Subtest: Chinese shorthand, overlapping colour/length and black-long-straight yield separate facts
ok 9 - Chinese shorthand, overlapping colour/length and black-long-straight yield separate facts
  ---
  duration_ms: 42.956
  type: 'test'
  ...
# Subtest: named narrative overrides accidental prototype attributes and never borrows another person
ok 10 - named narrative overrides accidental prototype attributes and never borrows another person
  ---
  duration_ms: 3.1352
  type: 'test'
  ...
# Subtest: longer hairstyle phrase and explicit negation do not add contradictory traits
ok 11 - longer hairstyle phrase and explicit negation do not add contradictory traits
  ---
  duration_ms: 2.5478
  type: 'test'
  ...
# Subtest: explicit preferences and indexed facial details are strict until user broadens
ok 12 - explicit preferences and indexed facial details are strict until user broadens
  ---
  duration_ms: 148.5239
  type: 'test'
  ...
# Subtest: current matching identity is included and marked rather than silently hidden
ok 13 - current matching identity is included and marked rather than silently hidden
  ---
  duration_ms: 55.1883
  type: 'test'
  ...
# Subtest: editable conditions exclude clothing and control strings; colours mean OR
ok 14 - editable conditions exclude clothing and control strings; colours mean OR
  ---
  duration_ms: 6.8799
  type: 'test'
  ...
# Subtest: raw provenance and curated eligibility survive taxonomy enrichment
ok 15 - raw provenance and curated eligibility survive taxonomy enrichment
  ---
  duration_ms: 62.5492
  type: 'test'
  ...
# Subtest: strict candidate selection cannot bypass current filters by passing an unrelated id
ok 16 - strict candidate selection cannot bypass current filters by passing an unrelated id
  ---
  duration_ms: 76.4977
  type: 'test'
  ...
# Subtest: combined face marks remain conjunctive rather than being dropped as conflicts
ok 17 - combined face marks remain conjunctive rather than being dropped as conflicts
  ---
  duration_ms: 2.8594
  type: 'test'
  ...
# Subtest: alternative colours remain a single OR condition with truthful evidence
ok 18 - alternative colours remain a single OR condition with truthful evidence
  ---
  duration_ms: 43.6438
  type: 'test'
  ...
# Subtest: unambiguous hair and eye evidence precedes high-popularity mixed variants
ok 19 - unambiguous hair and eye evidence precedes high-popularity mixed variants
  ---
  duration_ms: 22.9515
  type: 'test'
  ...
# Subtest: Chinese alias search intersects multiple canonical tags without changing appearance conditions
ok 20 - Chinese alias search intersects multiple canonical tags without changing appearance conditions
  ---
  duration_ms: 18.4288
  type: 'test'
  ...
# Subtest: a named observer or relative never supplies the subject appearance
ok 21 - a named observer or relative never supplies the subject appearance
  ---
  duration_ms: 2.5549
  type: 'test'
  ...
# Subtest: standalone transport never probes optional MGPU routes or interrupts another task
ok 22 - standalone transport never probes optional MGPU routes or interrupts another task
  ---
  duration_ms: 37.2653
  type: 'test'
  ...
# Subtest: changing backend settings sends the next image to the new server
ok 23 - changing backend settings sends the next image to the new server
  ---
  duration_ms: 2.7696
  type: 'test'
  ...
# Subtest: image filenames and subfolders are encoded through URLSearchParams
ok 24 - image filenames and subfolders are encoded through URLSearchParams
  ---
  duration_ms: 1.4529
  type: 'test'
  ...
# Subtest: network failure does not expose URLs or exception contents in the user error
ok 25 - network failure does not expose URLs or exception contents in the user error
  ---
  duration_ms: 0.6974
  type: 'test'
  ...
# Subtest: graph filling is typed, preserves tags and quotes, records real parameters and never modifies native settings
ok 26 - graph filling is typed, preserves tags and quotes, records real parameters and never modifies native settings
  ---
  duration_ms: 2.9107
  type: 'test'
  ...
# Subtest: backend receives exact final text including resolution text, weights, Unicode, punctuation and repeated tags
ok 27 - backend receives exact final text including resolution text, weights, Unicode, punctuation and repeated tags
  ---
  duration_ms: 0.6063
  type: 'test'
  ...
# Subtest: dimensions in ordinary prose do not override canvas settings and negative prompts remain user owned
ok 28 - dimensions in ordinary prose do not override canvas settings and negative prompts remain user owned
  ---
  duration_ms: 1.1059
  type: 'test'
  ...
# Subtest: custom workflow safety settings are preserved without adding or disabling flags
ok 29 - custom workflow safety settings are preserved without adding or disabling flags
  ---
  duration_ms: 0.5655
  type: 'test'
  ...
# Subtest: bundled prompt presets have no default exclusions, including the legacy anatomy quality list
ok 30 - bundled prompt presets have no default exclusions, including the legacy anatomy quality list
  ---
  duration_ms: 0.464
  type: 'test'
  ...
# Subtest: references remain explicit and preserve existing reference model settings
ok 31 - references remain explicit and preserve existing reference model settings
  ---
  duration_ms: 1.0751
  type: 'test'
  ...
# Subtest: independent render submits once, polls standard history, retrieves and returns an image without native events
ok 32 - independent render submits once, polls standard history, retrieves and returns an image without native events
  ---
  duration_ms: 37.7136
  type: 'test'
  ...
# Subtest: stale scenes and unresolved controls never submit GPU work
ok 33 - stale scenes and unresolved controls never submit GPU work
  ---
  duration_ms: 1.7946
  type: 'test'
  ...
# Subtest: execution failures and completed outputs with no images fail clearly
ok 34 - execution failures and completed outputs with no images fail clearly
  ---
  duration_ms: 3.3607
  type: 'test'
  ...
# Subtest: unknown placeholders do not silently send a malformed custom graph
ok 35 - unknown placeholders do not silently send a malformed custom graph
  ---
  duration_ms: 0.3354
  type: 'test'
  ...
# Subtest: SP query reads only pictured identity fields, never wardrobe or private history
ok 36 - SP query reads only pictured identity fields, never wardrobe or private history
  ---
  duration_ms: 2.2047
  type: 'test'
  ...
# Subtest: unavailable runtime and historical selections never query latest database
ok 37 - unavailable runtime and historical selections never query latest database
  ---
  duration_ms: 0.2652
  type: 'test'
  ...
# Subtest: ambiguous same-name database rows do not choose an identity
ok 38 - ambiguous same-name database rows do not choose an identity
  ---
  duration_ms: 0.2416
  type: 'test'
  ...
# Subtest: custom Chinese database result columns are recognized
ok 39 - custom Chinese database result columns are recognized
  ---
  duration_ms: 0.2234
  type: 'test'
  ...
# Subtest: bound people are excluded from database reference requests
ok 40 - bound people are excluded from database reference requests
  ---
  duration_ms: 31.9476
  type: 'test'
  ...
# Subtest: new actor receives only permitted database facts and records provenance
ok 41 - new actor receives only permitted database facts and records provenance
  ---
  duration_ms: 0.8056
  type: 'test'
  ...
# Subtest: central age classification preserves appearance groups without treating young as minor
ok 42 - central age classification preserves appearance groups without treating young as minor
  ---
  duration_ms: 1.3434
  type: 'test'
  ...
# Subtest: age predicates preserve both existing caller semantics
ok 43 - age predicates preserve both existing caller semantics
  ---
  duration_ms: 1.0874
  type: 'test'
  ...
# Subtest: story age protection removes only the bust trait and retains appearance facts
ok 44 - story age protection removes only the bust trait and retains appearance facts
  ---
  duration_ms: 0.9686
  type: 'test'
  ...
# Subtest: identity age protection preserves order and does not mutate tag arrays
ok 45 - identity age protection preserves order and does not mutate tag arrays
  ---
  duration_ms: 0.2089
  type: 'test'
  ...
# Subtest: caption age wording does not infer an unstated numerical age
ok 46 - caption age wording does not infer an unstated numerical age
  ---
  duration_ms: 0.1538
  type: 'test'
  ...
# Subtest: legacy SFW field names and visibility are exact schema values
ok 47 - legacy SFW field names and visibility are exact schema values
  ---
  duration_ms: 0.2371
  type: 'test'
  ...
# Subtest: offline Python builder can read the same preview policy through Node
ok 48 - offline Python builder can read the same preview policy through Node
  ---
  duration_ms: 105.5812
  type: 'test'
  ...
# Subtest: Flash cannot overwrite a bound identity; keep vetoes proposed outfit reroll
ok 49 - Flash cannot overwrite a bound identity; keep vetoes proposed outfit reroll
  ---
  duration_ms: 2.4735
  type: 'test'
  ...
# Subtest: new adult face design and missing conditions are added; explicit conditions win
ok 50 - new adult face design and missing conditions are added; explicit conditions win
  ---
  duration_ms: 0.3326
  type: 'test'
  ...
# Subtest: scalar color facets normalize; face prose cannot contradict bound colors
ok 51 - scalar color facets normalize; face prose cannot contradict bound colors
  ---
  duration_ms: 0.2561
  type: 'test'
  ...
# Subtest: last-three bounded excerpt excludes image controls and planning
ok 52 - last-three bounded excerpt excludes image controls and planning
  ---
  duration_ms: 0.8658
  type: 'test'
  ...
# Subtest: only pictured saved people are sent; native cache input stays untouched
ok 53 - only pictured saved people are sent; native cache input stays untouched
  ---
  duration_ms: 24.6977
  type: 'test'
  ...
# Subtest: host alias removes only the requested listener and preserves event source context
ok 54 - host alias removes only the requested listener and preserves event source context
  ---
  duration_ms: 1.1565
  type: 'test'
  ...
# Subtest: existing host off implementation and unsupported hosts remain untouched
ok 55 - existing host off implementation and unsupported hosts remain untouched
  ---
  duration_ms: 0.2533
  type: 'test'
  ...
# Subtest: ordinary candidate metadata is retained but narrative frames omit the franchise trigger
ok 56 - ordinary candidate metadata is retained but narrative frames omit the franchise trigger
  ---
  duration_ms: 32.6893
  type: 'test'
  ...
# Subtest: saved style survives a conflicting later automatic appearance block
ok 57 - saved style survives a conflicting later automatic appearance block
  ---
  duration_ms: 20.8313
  type: 'test'
  ...
# Subtest: reroll retains age, new face hints, disabled automatic-trigger policy and locked style while leaving accepted person unchanged
ok 58 - reroll retains age, new face hints, disabled automatic-trigger policy and locked style while leaving accepted person unchanged
  ---
  duration_ms: 340.2053
  type: 'test'
  ...
# Subtest: legacy migration preserves old trigger and reference choices and all visual data
ok 59 - legacy migration preserves old trigger and reference choices and all visual data
  ---
  duration_ms: 20.2582
  type: 'test'
  ...
# Subtest: unchanged person save and style-only edits retain explicit trigger, separate face and age fields
ok 60 - unchanged person save and style-only edits retain explicit trigger, separate face and age fields
  ---
  duration_ms: 26.222
  type: 'test'
  ...
# Subtest: stored reference asset is retained but omitted from transport when enhancement is disabled
ok 61 - stored reference asset is retained but omitted from transport when enhancement is disabled
  ---
  duration_ms: 19.5648
  type: 'test'
  ...
# Subtest: explicit image-reference enhancement reaches native transport with the owned asset
ok 62 - explicit image-reference enhancement reaches native transport with the owned asset
  ---
  duration_ms: 54.809
  type: 'test'
  ...
# Subtest: age remains descriptive; it cannot invalidate a valid catalog identity
ok 63 - age remains descriptive; it cannot invalidate a valid catalog identity
  ---
  duration_ms: 39.7221
  type: 'test'
  ...
# Subtest: ordinary borrowed appearances exclude unrequested nonhuman anatomy and pets
ok 64 - ordinary borrowed appearances exclude unrequested nonhuman anatomy and pets
  ---
  duration_ms: 2.4752
  type: 'test'
  ...
# Subtest: clothing color persists across pose/style changes; explicit change keeps identity
ok 65 - clothing color persists across pose/style changes; explicit change keeps identity
  ---
  duration_ms: 68.7183
  type: 'test'
  ...
# Subtest: malformed wardrobe change keeps previous clothing
ok 66 - malformed wardrobe change keeps previous clothing
  ---
  duration_ms: 57.2108
  type: 'test'
  ...
# Subtest: loads the actual 21541-character female-first catalog
ok 67 - loads the actual 21541-character female-first catalog
  ---
  duration_ms: 10.8293
  type: 'test'
  ...
# Subtest: generic female identity is stable, immutable, and carries no prototype trigger
ok 68 - generic female identity is stable, immutable, and carries no prototype trigger
  ---
  duration_ms: 27.2465
  type: 'test'
  ...
# Subtest: different people use different prototypes and restarting from empty state is deterministic
ok 69 - different people use different prototypes and restarting from empty state is deterministic
  ---
  duration_ms: 383.8441
  type: 'test'
  ...
# Subtest: hard no-match never relaxes, and explicit appearance remains stable
ok 70 - hard no-match never relaxes, and explicit appearance remains stable
  ---
  duration_ms: 7.6903
  type: 'test'
  ...
# Subtest: exact Yor lookup includes her trigger; outfit changes persist without changing appearance
ok 71 - exact Yor lookup includes her trigger; outfit changes persist without changing appearance
  ---
  duration_ms: 10.1678
  type: 'test'
  ...
# Subtest: an inexact ID never falls back to character-name substring
ok 72 - an inexact ID never falls back to character-name substring
  ---
  duration_ms: 0.554
  type: 'test'
  ...
# Subtest: JSON nesting and quoted braces parse without altering SceneComposition
ok 73 - JSON nesting and quoted braces parse without altering SceneComposition
  ---
  duration_ms: 55.4825
  type: 'test'
  ...
# Subtest: multi-person output keeps names, one focus style, and disables global Nilou LoRA
ok 74 - multi-person output keeps names, one focus style, and disables global Nilou LoRA
  ---
  duration_ms: 85.5794
  type: 'test'
  ...
# Subtest: only a single exact Nilou binding emits the tested character selector
ok 75 - only a single exact Nilou binding emits the tested character selector
  ---
  duration_ms: 4.732
  type: 'test'
  ...
# Subtest: explicit style update is allowed without resampling; invalid style is retained with warning
ok 76 - explicit style update is allowed without resampling; invalid style is retained with warning
  ---
  duration_ms: 84.4437
  type: 'test'
  ...
# Subtest: malformed markers are preserved, and protected property-like names remain ordinary people
ok 77 - malformed markers are preserved, and protected property-like names remain ordinary people
  ---
  duration_ms: 57.0958
  type: 'test'
  ...
# Subtest: invalid required-query shapes are warned instead of silently converted to no conditions
ok 78 - invalid required-query shapes are warned instead of silently converted to no conditions
  ---
  duration_ms: 0.2972
  type: 'test'
  ...
# Subtest: explicit interaction preserves the initiator and recipient without relying on action keywords
ok 79 - explicit interaction preserves the initiator and recipient without relying on action keywords
  ---
  duration_ms: 4.669
  type: 'test'
  ...
# Subtest: POV shows partner arms but does not remove the partner or transfer the action to the woman
ok 80 - POV shows partner arms but does not remove the partner or transfer the action to the woman
  ---
  duration_ms: 3.5504
  type: 'test'
  ...
# Subtest: a woman initiating a hug retains the direction when switching to the male POV
ok 81 - a woman initiating a hug retains the direction when switching to the male POV
  ---
  duration_ms: 0.567
  type: 'test'
  ...
# Subtest: self-directed gestures are not left competing with an explicit two-person relation
ok 82 - self-directed gestures are not left competing with an explicit two-person relation
  ---
  duration_ms: 0.3473
  type: 'test'
  ...
# Subtest: ordinary dialogue still omits men and unrelated bystanders do not join a directed interaction
ok 83 - ordinary dialogue still omits men and unrelated bystanders do not join a directed interaction
  ---
  duration_ms: 1.6004
  type: 'test'
  ...
# Subtest: old non-explicit action tags infer a relation, including a supported person being helped up
ok 84 - old non-explicit action tags infer a relation, including a supported person being helped up
  ---
  duration_ms: 0.6027
  type: 'test'
  ...
# Subtest: negative interaction text does not force men into an ordinary scene
ok 85 - negative interaction text does not force men into an ordinary scene
  ---
  duration_ms: 0.2066
  type: 'test'
  ...
# Subtest: names resolve from aliases; a missing endpoint, same endpoint and unknown gesture are rejected
ok 86 - names resolve from aliases; a missing endpoint, same endpoint and unknown gesture are rejected
  ---
  duration_ms: 0.7546
  type: 'test'
  ...
# Subtest: refocusing is idempotent and changing camera does not stack generated composition tags
ok 87 - refocusing is idempotent and changing camera does not stack generated composition tags
  ---
  duration_ms: 1.0354
  type: 'test'
  ...
# Subtest: switching a real Flash POV composition to third person removes its original camera directions
ok 88 - switching a real Flash POV composition to third person removes its original camera directions
  ---
  duration_ms: 0.775
  type: 'test'
  ...
# Subtest: Chinese passive action does not become the initiating actor in legacy capture inference
ok 89 - Chinese passive action does not become the initiating actor in legacy capture inference
  ---
  duration_ms: 0.507
  type: 'test'
  ...
# Subtest: the POV viewpoint cannot accidentally make the male partner the main framed subject
ok 90 - the POV viewpoint cannot accidentally make the male partner the main framed subject
  ---
  duration_ms: 0.4891
  type: 'test'
  ...
# Subtest: a male-only scene remains an environment frame
ok 91 - a male-only scene remains an environment frame
  ---
  duration_ms: 0.2435
  type: 'test'
  ...
# Subtest: automatic capture stores the directed pair and compiles partial partner tags locally
ok 92 - automatic capture stores the directed pair and compiles partial partner tags locally
  ---
  duration_ms: 55.8406
  type: 'test'
  ...
# Subtest: manual selection retains both people and relationship after its one Flash response
ok 93 - manual selection retains both people and relationship after its one Flash response
  ---
  duration_ms: 18.4179
  type: 'test'
  ...
# Subtest: legacy main output reuses an unambiguous bound actor with no model call
ok 94 - legacy main output reuses an unambiguous bound actor with no model call
  ---
  duration_ms: 4.9759
  type: 'test'
  ...
# Subtest: legacy native frame with no known person preserves literal prompt without inventing cast
ok 95 - legacy native frame with no known person preserves literal prompt without inventing cast
  ---
  duration_ms: 1.1999
  type: 'test'
  ...
# Subtest: ambiguous legacy scene never silently assigns the wrong saved person
ok 96 - ambiguous legacy scene never silently assigns the wrong saved person
  ---
  duration_ms: 0.4149
  type: 'test'
  ...
# Subtest: active ICOT format repair preserves source preset, other prompts and sampling
ok 97 - active ICOT format repair preserves source preset, other prompts and sampling
  ---
  duration_ms: 1.4887
  type: 'test'
  ...
# Subtest: existing chat backfills complete clothing without altering appearance
ok 98 - existing chat backfills complete clothing without altering appearance
  ---
  duration_ms: 1.8846
  type: 'test'
  ...
# Subtest: native outfit links its owner; edits update clothing and preserve media
ok 99 - native outfit links its owner; edits update clothing and preserve media
  ---
  duration_ms: 1.4574
  type: 'test'
  ...
# Subtest: display hides planning while preserving every image block, prose and status
ok 100 - display hides planning while preserving every image block, prose and status
  ---
  duration_ms: 1.0588
  type: 'test'
  ...
# Subtest: literal ICOT template lines disappear without removing actual prose or image buttons
ok 101 - literal ICOT template lines disappear without removing actual prose or image buttons
  ---
  duration_ms: 0.2519
  type: 'test'
  ...
# Subtest: normal manual fields, unknown metadata and prompt bytes stay exact without mutating input
ok 102 - normal manual fields, unknown metadata and prompt bytes stay exact without mutating input
  ---
  duration_ms: 3.7585
  type: 'test'
  ...
# Subtest: a missing display caption uses the selected passage without dropping valid visual tags
ok 103 - a missing display caption uses the selected passage without dropping valid visual tags
  ---
  duration_ms: 0.287
  type: 'test'
  ...
# Subtest: ADCAP field names adapt to manual names while keeping appearance, clothing and interactions
ok 104 - ADCAP field names adapt to manual names while keeping appearance, clothing and interactions
  ---
  duration_ms: 0.2609
  type: 'test'
  ...
# Subtest: tag arrays retain every item and weight in their original order
ok 105 - tag arrays retain every item and weight in their original order
  ---
  duration_ms: 0.316
  type: 'test'
  ...
# Subtest: only a single explicit result or data wrapper is unwrapped
ok 106 - only a single explicit result or data wrapper is unwrapped
  ---
  duration_ms: 0.5799
  type: 'test'
  ...
# Subtest: explicit environment-only frames permit an omitted people list
ok 107 - explicit environment-only frames permit an omitted people list
  ---
  duration_ms: 0.1377
  type: 'test'
  ...
# Subtest: missing scene and cast fields are named instead of reporting a generic Flash failure
ok 108 - missing scene and cast fields are named instead of reporting a generic Flash failure
  ---
  duration_ms: 0.192
  type: 'test'
  ...
# Subtest: no tags or identity are fabricated when arrays or field types are invalid
ok 109 - no tags or identity are fabricated when arrays or field types are invalid
  ---
  duration_ms: 0.1942
  type: 'test'
  ...
# Subtest: too many actors stay a clear error and are never silently truncated
ok 110 - too many actors stay a clear error and are never silently truncated
  ---
  duration_ms: 0.4358
  type: 'test'
  ...
# Subtest: model refusal and error objects stay failures even with otherwise valid fields
ok 111 - model refusal and error objects stay failures even with otherwise valid fields
  ---
  duration_ms: 0.2789
  type: 'test'
  ...
# Subtest: unknown cast still fails local identity validation after field adaptation
ok 112 - unknown cast still fails local identity validation after field adaptation
  ---
  duration_ms: 2.1549
  type: 'test'
  ...
# Subtest: valid tags without summary complete the full local selection preparation
ok 113 - valid tags without summary complete the full local selection preparation
  ---
  duration_ms: 12.2018
  type: 'test'
  ...
# Subtest: manual selection needs one Flash call and excludes future story and offscreen cast
ok 114 - manual selection needs one Flash call and excludes future story and offscreen cast
  ---
  duration_ms: 48.8168
  type: 'test'
  ...
# Subtest: confirmed manual tags are authoritative across later cast changes
ok 115 - confirmed manual tags are authoritative across later cast changes
  ---
  duration_ms: 2.3579
  type: 'test'
  ...
# Subtest: malformed or unrelated manual response stops before local identity resolution
ok 116 - malformed or unrelated manual response stops before local identity resolution
  ---
  duration_ms: 2.4553
  type: 'test'
  ...
# Subtest: already cancelled manual request never calls Flash
ok 117 - already cancelled manual request never calls Flash
  ---
  duration_ms: 0.2749
  type: 'test'
  ...
# Subtest: manual preparation is staged and only explicit confirmation saves tags
ok 118 - manual preparation is staged and only explicit confirmation saves tags
  ---
  duration_ms: 2.3303
  type: 'test'
  ...
# Subtest: chat and swipe changes reject manual confirmation without writes
ok 119 - chat and swipe changes reject manual confirmation without writes
  ---
  duration_ms: 6.5243
  type: 'test'
  ...
# Subtest: closing pending manual preparation cancels its late result
ok 120 - closing pending manual preparation cancels its late result
  ---
  duration_ms: 6.7374
  type: 'test'
  ...
# Subtest: failed regeneration still allows confirming the previous edited tags
ok 121 - failed regeneration still allows confirming the previous edited tags
  ---
  duration_ms: 2.0757
  type: 'test'
  ...
# Subtest: offline manual service gives a recoverable Chinese error after one request
ok 122 - offline manual service gives a recoverable Chinese error after one request
  ---
  duration_ms: 0.608
  type: 'test'
  ...
# Subtest: portable manual request uses drawing profile and never includes chat history or main settings
ok 123 - portable manual request uses drawing profile and never includes chat history or main settings
  ---
  duration_ms: 29.0261
  type: 'test'
  ...
# Subtest: explicit helper setting works without Windows loopback and cancellation reaches fetch
ok 124 - explicit helper setting works without Windows loopback and cancellation reaches fetch
  ---
  duration_ms: 1.1268
  type: 'test'
  ...
# Subtest: API failures stay inside the manual request with one attempt
ok 125 - API failures stay inside the manual request with one attempt
  ---
  duration_ms: 1.1176
  type: 'test'
  ...
# Subtest: automatic protocol survives absence of worldbook and disabling automation removes it
ok 126 - automatic protocol survives absence of worldbook and disabling automation removes it
  ---
  duration_ms: 1.972
  type: 'test'
  ...
# Subtest: Silvermoon clears inherited native quality negatives as well as preset negatives
ok 127 - Silvermoon clears inherited native quality negatives as well as preset negatives
  ---
  duration_ms: 3.1651
  type: 'test'
  ...
# Subtest: Silvermoon Turbo uses its native sampler and never stacks the old Turbo adapter
ok 128 - Silvermoon Turbo uses its native sampler and never stacks the old Turbo adapter
  ---
  duration_ms: 2.2294
  type: 'test'
  ...
# Subtest: ordinary Silvermoon retains recommended sampling and the saved-reference adapter
ok 129 - ordinary Silvermoon retains recommended sampling and the saved-reference adapter
  ---
  duration_ms: 1.8219
  type: 'test'
  ...
# Subtest: tablet profiles are distinct presets with native INT8 and real higher generation resolution
ok 130 - tablet profiles are distinct presets with native INT8 and real higher generation resolution
  ---
  duration_ms: 0.8477
  type: 'test'
  ...
# Subtest: one-time upgrade preserves custom workflows, artists, and later manual profile choices
ok 131 - one-time upgrade preserves custom workflows, artists, and later manual profile choices
  ---
  duration_ms: 0.7186
  type: 'test'
  ...
# Subtest: empty native role contexts are repaired without changing a working image profile or API credentials
ok 132 - empty native role contexts are repaired without changing a working image profile or API credentials
  ---
  duration_ms: 2.9454
  type: 'test'
  ...
# Subtest: existing native role prompts are preserved and generated schema matches the real native parser
ok 133 - existing native role prompts are preserved and generated schema matches the real native parser
  ---
  duration_ms: 10.4729
  type: 'test'
  ...
# Subtest: live synthetic native prompt responses can be parsed and expanded by the installed bundle
ok 134 - live synthetic native prompt responses can be parsed and expanded by the installed bundle
  ---
  duration_ms: 13.162
  type: 'test'
  ...
# Subtest: saved roles and outfits are enabled per chat; manual entries and media survive
ok 135 - saved roles and outfits are enabled per chat; manual entries and media survive
  ---
  duration_ms: 3.6365
  type: 'test'
  ...
# Subtest: real native parser expands current appearance and clothes; conflicting scene prose cannot override
ok 136 - real native parser expands current appearance and clothes; conflicting scene prose cannot override
  ---
  duration_ms: 15.9989
  type: 'test'
  ...
# Subtest: back camera uses native back fields and hides lower garments in portrait
ok 137 - back camera uses native back fields and hides lower garments in portrait
  ---
  duration_ms: 2.011
  type: 'test'
  ...
# Subtest: existing native references also remove conflicting prose and retain original visibility
ok 138 - existing native references also remove conflicting prose and retain original visibility
  ---
  duration_ms: 3.4417
  type: 'test'
  ...
# Subtest: manual preset with exact name is adopted rather than duplicated
ok 139 - manual preset with exact name is adopted rather than duplicated
  ---
  duration_ms: 0.663
  type: 'test'
  ...
# Subtest: missing ADEX discovery sends no saved cast; extraction sends only discovered pictured people
ok 140 - missing ADEX discovery sends no saved cast; extraction sends only discovered pictured people
  ---
  duration_ms: 53.4114
  type: 'test'
  ...
# Subtest: selected duplicate text resolves inside selected range
ok 141 - selected duplicate text resolves inside selected range
  ---
  duration_ms: 3.0585
  type: 'test'
  ...
# Subtest: future wardrobe is excluded from target context
ok 142 - future wardrobe is excluded from target context
  ---
  duration_ms: 0.3327
  type: 'test'
  ...
# Subtest: inserting buttons preserves prose fingerprint and scene validity
ok 143 - inserting buttons preserves prose fingerprint and scene validity
  ---
  duration_ms: 0.6377
  type: 'test'
  ...
# Subtest: thoughts and status cannot become scene anchors or a manual selection
ok 144 - thoughts and status cannot become scene anchors or a manual selection
  ---
  duration_ms: 0.2663
  type: 'test'
  ...
# Subtest: unknown, future and offscreen names do not create cast records
ok 145 - unknown, future and offscreen names do not create cast records
  ---
  duration_ms: 1.9468
  type: 'test'
  ...
# Subtest: immutable frame clothing and gestures survive later changes
ok 146 - immutable frame clothing and gestures survive later changes
  ---
  duration_ms: 1.9432
  type: 'test'
  ...
# Subtest: only pictured saved people are sent and snapshot preparation never mutates source state
ok 147 - only pictured saved people are sent and snapshot preparation never mutates source state
  ---
  duration_ms: 33.3982
  type: 'test'
  ...
# Subtest: manual historical preparation preserves current outfit but can add a new person
ok 148 - manual historical preparation preserves current outfit but can add a new person
  ---
  duration_ms: 0.5695
  type: 'test'
  ...
# Subtest: malformed API response and 429 stop before identities are resolved
ok 149 - malformed API response and 429 stop before identities are resolved
  ---
  duration_ms: 2.17
  type: 'test'
  ...
# Subtest: cancelled requests never begin extraction
ok 150 - cancelled requests never begin extraction
  ---
  duration_ms: 0.5544
  type: 'test'
  ...
# Subtest: migration copies only drawing settings and remains independent after restart
ok 151 - migration copies only drawing settings and remains independent after restart
  ---
  duration_ms: 3.0112
  type: 'test'
  ...
# Subtest: fresh standalone settings work with an imported standard API workflow
ok 152 - fresh standalone settings work with an imported standard API workflow
  ---
  duration_ms: 2.3475
  type: 'test'
  ...
# Subtest: scene display anchors are idempotent, safe and leave original prose intact
ok 153 - scene display anchors are idempotent, safe and leave original prose intact
  ---
  duration_ms: 0.4494
  type: 'test'
  ...
# Subtest: gallery sizes and paged filters use metadata instead of image data
ok 154 - gallery sizes and paged filters use metadata instead of image data
  ---
  duration_ms: 14.2572
  type: 'test'
  ...
# Subtest: download ZIP writes valid local and central records with per-file CRCs
ok 155 - download ZIP writes valid local and central records with per-file CRCs
  ---
  duration_ms: 1.7969
  type: 'test'
  ...
# Subtest: tablet canvas generation records its actual output dimensions
ok 156 - tablet canvas generation records its actual output dimensions
  ---
  duration_ms: 0.608
  type: 'test'
  ...
# Subtest: identical native copies merge migration IDs without deleting original chat assets
ok 157 - identical native copies merge migration IDs without deleting original chat assets
  ---
  duration_ms: 12.0839
  type: 'test'
  ...
# Subtest: restoring an older backup repairs the live native button and preserves prose
ok 158 - restoring an older backup repairs the live native button and preserves prose
  ---
  duration_ms: 3.3392
  type: 'test'
  ...
# Subtest: restored buttons never rewrite changed prose, branches, users or another message
ok 159 - restored buttons never rewrite changed prose, branches, users or another message
  ---
  duration_ms: 0.3665
  type: 'test'
  ...
# Subtest: unspecified clothing differs from an explicitly empty wardrobe
ok 160 - unspecified clothing differs from an explicitly empty wardrobe
  ---
  duration_ms: 0.5758
  type: 'test'
  ...
# Subtest: removal patch keeps other garments and eliminates worn tags
ok 161 - removal patch keeps other garments and eliminates worn tags
  ---
  duration_ms: 0.6367
  type: 'test'
  ...
# Subtest: wearing-state change replaces old button tags without changing design
ok 162 - wearing-state change replaces old button tags without changing design
  ---
  duration_ms: 0.2256
  type: 'test'
  ...
# Subtest: invalid or ambiguous clothing controls are rejected
ok 163 - invalid or ambiguous clothing controls are rejected
  ---
  duration_ms: 0.2962
  type: 'test'
  ...
# Subtest: balanced control parser handles quoted braces and nested objects
ok 164 - balanced control parser handles quoted braces and nested objects
  ---
  duration_ms: 0.4149
  type: 'test'
  ...
# Subtest: automatic frames locally resolve identity with zero network dependency
ok 165 - automatic frames locally resolve identity with zero network dependency
  ---
  duration_ms: 9.4529
  type: 'test'
  ...
# Subtest: three rapid clothing frames retain independent immutable snapshots
ok 166 - three rapid clothing frames retain independent immutable snapshots
  ---
  duration_ms: 2.6763
  type: 'test'
  ...
# Subtest: saved shape versions do not retroactively change prior image tags
ok 167 - saved shape versions do not retroactively change prior image tags
  ---
  duration_ms: 0.8973
  type: 'test'
  ...
# Subtest: timeline excludes future offsets, edited sources and other reply branches
ok 168 - timeline excludes future offsets, edited sources and other reply branches
  ---
  duration_ms: 0.6605
  type: 'test'
  ...
# Subtest: multi-person garments stay attached to their own actor
ok 169 - multi-person garments stay attached to their own actor
  ---
  duration_ms: 2.6326
  type: 'test'
  ...
# Subtest: duplicate or invalid frame people stop before compilation
ok 170 - duplicate or invalid frame people stop before compilation
  ---
  duration_ms: 0.3562
  type: 'test'
  ...
# Subtest: hidden wardrobe records never become visible prose or a selectable scene
ok 171 - hidden wardrobe records never become visible prose or a selectable scene
  ---
  duration_ms: 0.3787
  type: 'test'
  ...
# Subtest: reroll changes only selected shape and leaves saved binding intact
ok 172 - reroll changes only selected shape and leaves saved binding intact
  ---
  duration_ms: 10.3974
  type: 'test'
  ...
# Subtest: manual wardrobe v2 removal uses one Flash call and no future context
ok 173 - manual wardrobe v2 removal uses one Flash call and no future context
  ---
  duration_ms: 35.0208
  type: 'test'
  ...
# Subtest: held and draped garments compile as contextual props rather than bare clothing
ok 174 - held and draped garments compile as contextual props rather than bare clothing
  ---
  duration_ms: 0.248
  type: 'test'
  ...
# Subtest: wardrobe ordering survives long automatic controls becoming short native buttons
ok 175 - wardrobe ordering survives long automatic controls becoming short native buttons
  ---
  duration_ms: 0.5132
  type: 'test'
  ...
# Subtest: automatic planning is idempotent and saves buttons without GPU submission
ok 176 - automatic planning is idempotent and saves buttons without GPU submission
  ---
  duration_ms: 47.1957
  type: 'test'
  ...
# Subtest: optional automatic rendering submits each saved frame once through native bridge
ok 177 - optional automatic rendering submits each saved frame once through native bridge
  ---
  duration_ms: 4.5457
  type: 'test'
  ...
# Subtest: editing a saved frame creates a new cache revision with immutable outfit history
ok 178 - editing a saved frame creates a new cache revision with immutable outfit history
  ---
  duration_ms: 3.5131
  type: 'test'
  ...
# Subtest: native generation compiles clothes and action from the saved frame, not latest wardrobe
ok 179 - native generation compiles clothes and action from the saved frame, not latest wardrobe
  ---
  duration_ms: 3.1306
  type: 'test'
  ...
# Subtest: changing swipe or prose rejects previously prepared GPU work
ok 180 - changing swipe or prose rejects previously prepared GPU work
  ---
  duration_ms: 3.7766
  type: 'test'
  ...
# Subtest: partial extraction and HTTP failure leave messages, cast and disk untouched
ok 181 - partial extraction and HTTP failure leave messages, cast and disk untouched
  ---
  duration_ms: 1.7686
  type: 'test'
  ...
# Subtest: chat switch cancels a pending planner before extraction or save
ok 182 - chat switch cancels a pending planner before extraction or save
  ---
  duration_ms: 4.9846
  type: 'test'
  ...
# Subtest: a failed persistence restores body, swipe, and cast as one operation
ok 183 - a failed persistence restores body, swipe, and cast as one operation
  ---
  duration_ms: 2.3742
  type: 'test'
  ...
# Subtest: clothing-only person edit retains named character identity and old snapshots
ok 184 - clothing-only person edit retains named character identity and old snapshots
  ---
  duration_ms: 3.7741
  type: 'test'
  ...
# Subtest: excluded later frame cannot advance wardrobe or register unseen people
ok 185 - excluded later frame cannot advance wardrobe or register unseen people
  ---
  duration_ms: 2.2675
  type: 'test'
  ...
# Subtest: editing a newly prepared person saves it without losing other staged people
ok 186 - editing a newly prepared person saves it without losing other staged people
  ---
  duration_ms: 1.8705
  type: 'test'
  ...
# Subtest: one-time native migration preserves source assets, media and other-chat scope
ok 187 - one-time native migration preserves source assets, media and other-chat scope
  ---
  duration_ms: 3.2394
  type: 'test'
  ...
# Subtest: scene resolver cannot erase migrated authority metadata
ok 188 - scene resolver cannot erase migrated authority metadata
  ---
  duration_ms: 37.3444
  type: 'test'
  ...
# Subtest: one queued save pins target, metadata, body and active swipe together
ok 189 - one queued save pins target, metadata, body and active swipe together
  ---
  duration_ms: 1.0693
  type: 'test'
  ...
# Subtest: queued work rejects a switched chat before any disk write or mutation
ok 190 - queued work rejects a switched chat before any disk write or mutation
  ---
  duration_ms: 0.8892
  type: 'test'
  ...
# Subtest: in-flight save stays pinned and failure restores only original objects
ok 191 - in-flight save stays pinned and failure restores only original objects
  ---
  duration_ms: 0.4825
  type: 'test'
  ...
# Subtest: group chat saves use the group chat file and do not call character transport
ok 192 - group chat saves use the group chat file and do not call character transport
  ---
  duration_ms: 0.32
  type: 'test'
  ...
# Subtest: control revisions are strict and environment fallback must be a boolean
ok 193 - control revisions are strict and environment fallback must be a boolean
  ---
  duration_ms: 0.8636
  type: 'test'
  ...
# Subtest: expanded default catalog is 8000 female identities with fixed hair and eyes, full tags and previews
ok 194 - expanded default catalog is 8000 female identities with fixed hair and eyes, full tags and previews
  ---
  duration_ms: 16.8552
  type: 'test'
  ...
# Subtest: unique full name and abbreviation bind the same shape and contradictory hair cannot overwrite it
ok 195 - unique full name and abbreviation bind the same shape and contradictory hair cannot overwrite it
  ---
  duration_ms: 17.2556
  type: 'test'
  ...
# Subtest: two full names sharing a given name are never silently combined
ok 196 - two full names sharing a given name are never silently combined
  ---
  duration_ms: 0.2067
  type: 'test'
  ...
# Subtest: fallback appearance still fixes hair length for successive captures
ok 197 - fallback appearance still fixes hair length for successive captures
  ---
  duration_ms: 10.7819
  type: 'test'
  ...
# Subtest: candidate exhaustion provides explicit broader choices instead of retrying an empty intersection
ok 198 - candidate exhaustion provides explicit broader choices instead of retrying an empty intersection
  ---
  duration_ms: 204.0539
  type: 'test'
  ...
# Subtest: catalog search finds an exact costume/version outside the default 2000
ok 199 - catalog search finds an exact costume/version outside the default 2000
  ---
  duration_ms: 128.197
  type: 'test'
  ...
# Subtest: raw tag import retains franchise/version trigger and separates clothing and native artist
ok 200 - raw tag import retains franchise/version trigger and separates clothing and native artist
  ---
  duration_ms: 1.5299
  type: 'test'
  ...
# Subtest: native artist entries cannot carry style controls, paths or prompt structure
ok 201 - native artist entries cannot carry style controls, paths or prompt structure
  ---
  duration_ms: 0.4802
  type: 'test'
  ...
# Subtest: ordinary pair becomes female solo with no male count or male character trigger
ok 202 - ordinary pair becomes female solo with no male count or male character trigger
  ---
  duration_ms: 1.428
  type: 'test'
  ...
# Subtest: necessary non-explicit interaction keeps man as supporting subject and woman first
ok 203 - necessary non-explicit interaction keeps man as supporting subject and woman first
  ---
  duration_ms: 0.8596
  type: 'test'
  ...
# Subtest: automatic captures do all identity work locally and filter male only after resolving saved gender
ok 204 - automatic captures do all identity work locally and filter male only after resolving saved gender
  ---
  duration_ms: 33.1798
  type: 'test'
  ...
# Subtest: native style passes the selected artist and does not infer style from short hair
ok 205 - native style passes the selected artist and does not infer style from short hair
  ---
  duration_ms: 0.2658
  type: 'test'
  ...
# Subtest: conflicting appearance in scene/action cannot change the fixed hairstyle
ok 206 - conflicting appearance in scene/action cannot change the fixed hairstyle
  ---
  duration_ms: 0.1411
  type: 'test'
  ...
# Subtest: explicit narrative gender provides a local fallback when a model omits gender
ok 207 - explicit narrative gender provides a local fallback when a model omits gender
  ---
  duration_ms: 43.4167
  type: 'test'
  ...
# Subtest: candidate reroll changes only one frame, preserves its clothes and replaces face hints
ok 208 - candidate reroll changes only one frame, preserves its clothes and replaces face hints
  ---
  duration_ms: 232.9378
  type: 'test'
  ...
# Subtest: workflow CRUD persists to actual native preset fields and keeps unrelated presets
ok 209 - workflow CRUD persists to actual native preset fields and keeps unrelated presets
  ---
  duration_ms: 1.2012
  type: 'test'
  ...
# Subtest: workflow bundle roundtrip imports atomically, resolves duplicates and rejects broken links
ok 210 - workflow bundle roundtrip imports atomically, resolves duplicates and rejects broken links
  ---
  duration_ms: 1.9985
  type: 'test'
  ...
# Subtest: actual story-app prepares three automatic buttons locally with one identity and chronological clothes
ok 211 - actual story-app prepares three automatic buttons locally with one identity and chronological clothes
  ---
  duration_ms: 30.4163
  type: 'test'
  ...
# Subtest: draft ADCAP and ADMEM examples cannot abort real automatic scenes or change outfits
ok 212 - draft ADCAP and ADMEM examples cannot abort real automatic scenes or change outfits
  ---
  duration_ms: 28.063
  type: 'test'
  ...
# Subtest: a genuinely invalid capture in the final reply still fails atomically
ok 213 - a genuinely invalid capture in the final reply still fails atomically
  ---
  duration_ms: 16.869
  type: 'test'
  ...
# Subtest: actual outfit API uses stable prose positions after controls shrink and keeps later snapshots
ok 214 - actual outfit API uses stable prose positions after controls shrink and keeps later snapshots
  ---
  duration_ms: 22.0585
  type: 'test'
  ...
# Subtest: outfit API rejects stale branches without saving into a new swipe
ok 215 - outfit API rejects stale branches without saving into a new swipe
  ---
  duration_ms: 16.2091
  type: 'test'
  ...
# Subtest: story-app APIs save aliases and native artists, refresh pending prompts and preserve native workflows
ok 216 - story-app APIs save aliases and native artists, refresh pending prompts and preserve native workflows
  ---
  duration_ms: 20.0122
  type: 'test'
  ...
# Subtest: browse is paginated, sorted by source popularity, supports intersecting facets and tags
ok 217 - browse is paginated, sorted by source popularity, supports intersecting facets and tags
  ---
  duration_ms: 118.8389
  type: 'test'
  ...
# Subtest: deleted prototypes are excluded from random and reroll lists but remain readable for saved images
ok 218 - deleted prototypes are excluded from random and reroll lists but remain readable for saved images
  ---
  duration_ms: 323.5082
  type: 'test'
  ...
# Subtest: candidate preview supplies the original full image as well as the thumbnail
ok 219 - candidate preview supplies the original full image as well as the thumbnail
  ---
  duration_ms: 242.434
  type: 'test'
  ...
# Subtest: artist import accepts plain names and portable JSON, validates the whole list before changes
ok 220 - artist import accepts plain names and portable JSON, validates the whole list before changes
  ---
  duration_ms: 3.8156
  type: 'test'
  ...
# Subtest: global artist replacement preserves structural style/character controls and scene/actor tags
ok 221 - global artist replacement preserves structural style/character controls and scene/actor tags
  ---
  duration_ms: 0.5319
  type: 'test'
  ...
# Subtest: actual automatic drawing bridge applies selected global artist, switches without stacking, and preserves old snapshots
ok 222 - actual automatic drawing bridge applies selected global artist, switches without stacking, and preserves old snapshots
  ---
  duration_ms: 133.9101
  type: 'test'
  ...
# Subtest: manual edited tags use the same actual bridge with the chosen default artist
ok 223 - manual edited tags use the same actual bridge with the chosen default artist
  ---
  duration_ms: 76.0495
  type: 'test'
  ...
# Subtest: artist presets and deletions survive app re-creation; selected preset edits and deletes update its defaults
ok 224 - artist presets and deletions survive app re-creation; selected preset edits and deletes update its defaults
  ---
  duration_ms: 68.6541
  type: 'test'
  ...
# Subtest: catalog exclusions export/import validates before saving and unions existing choices
ok 225 - catalog exclusions export/import validates before saving and unions existing choices
  ---
  duration_ms: 64.7846
  type: 'test'
  ...
# Subtest: a deleted shape cannot be tried through an explicit candidate id
ok 226 - a deleted shape cannot be tried through an explicit candidate id
  ---
  duration_ms: 185.0881
  type: 'test'
  ...
# Subtest: chat-pasted artist names discard invisible word joiners before adding @
ok 227 - chat-pasted artist names discard invisible word joiners before adding @
  ---
  duration_ms: 5.2188
  type: 'test'
  ...
# Subtest: multiword artist names stay intact and JSON preset tags are cleaned
ok 228 - multiword artist names stay intact and JSON preset tags are cleaned
  ---
  duration_ms: 0.6515
  type: 'test'
  ...
# Subtest: paste normalization does not admit artist control markers or paths
ok 229 - paste normalization does not admit artist control markers or paths
  ---
  duration_ms: 1.1678
  type: 'test'
  ...
# Subtest: all three selected presets reach the positive prompt and replace the previous artist
ok 230 - all three selected presets reach the positive prompt and replace the previous artist
  ---
  duration_ms: 0.6535
  type: 'test'
  ...
# Subtest: phone update adds requested presets once without changing an existing selection
ok 231 - phone update adds requested presets once without changing an existing selection
  ---
  duration_ms: 0.4894
  type: 'test'
  ...
# Subtest: failed bundle import can retry after initialization recovers
ok 232 - failed bundle import can retry after initialization recovers
  ---
  duration_ms: 0.2136
  type: 'test'
  ...
# Subtest: streaming mutation bursts refresh only the changed row once per frame
ok 233 - streaming mutation bursts refresh only the changed row once per frame
  ---
  duration_ms: 3.1846
  type: 'test'
  ...
# Subtest: a story change refreshes every row and supersedes pending streaming changes
ok 234 - a story change refreshes every row and supersedes pending streaming changes
  ---
  duration_ms: 0.2864
  type: 'test'
  ...
# Subtest: mutations caused by mounting can schedule a subsequent frame without losing rows
ok 235 - mutations caused by mounting can schedule a subsequent frame without losing rows
  ---
  duration_ms: 0.1596
  type: 'test'
  ...
# Subtest: adding a message never scans the whole chat and detached rows are excluded
ok 236 - adding a message never scans the whole chat and detached rows are excluded
  ---
  duration_ms: 0.2908
  type: 'test'
  ...
# Subtest: native helper requests are quiet and preserve structured Tauri timeout details
ok 237 - native helper requests are quiet and preserve structured Tauri timeout details
  ---
  duration_ms: 31.3874
  type: 'test'
  ...
# Subtest: manual transport distinguishes timeout, interrupted reply, rate limit and authentication without leaking bodies
ok 238 - manual transport distinguishes timeout, interrupted reply, rate limit and authentication without leaking bodies
  ---
  duration_ms: 3.7868
  type: 'test'
  ...
# Subtest: old Tauri error completions and malformed HTTP 200 JSON produce actionable manual errors
ok 239 - old Tauri error completions and malformed HTTP 200 JSON produce actionable manual errors
  ---
  duration_ms: 1.2426
  type: 'test'
  ...
# Subtest: Tauri with no native profile fails immediately rather than silently waiting for a Windows helper
ok 240 - Tauri with no native profile fails immediately rather than silently waiting for a Windows helper
  ---
  duration_ms: 0.2781
  type: 'test'
  ...
# Subtest: native proxy passes DeepSeek reasoning and JSON options through the host additional-body channel
ok 241 - native proxy passes DeepSeek reasoning and JSON options through the host additional-body channel
  ---
  duration_ms: 1.932
  type: 'test'
  ...
# Subtest: outbound history removes internal drawing IDs and hidden reasoning while preserving visual prose
ok 242 - outbound history removes internal drawing IDs and hidden reasoning while preserving visual prose
  ---
  duration_ms: 1.9254
  type: 'test'
  ...
# Subtest: history filter preserves user and system contracts, multimodal images and new capture instructions
ok 243 - history filter preserves user and system contracts, multimodal images and new capture instructions
  ---
  duration_ms: 1.0686
  type: 'test'
  ...
# Subtest: AVS parser ignores tag names and examples inside reasoning but commits a real final machine block
ok 244 - AVS parser ignores tag names and examples inside reasoning but commits a real final machine block
  ---
  duration_ms: 1.3635
  type: 'test'
  ...
# Subtest: AVS parser still rejects genuinely malformed, repeated and non-final machine transactions
ok 245 - AVS parser still rejects genuinely malformed, repeated and non-final machine transactions
  ---
  duration_ms: 0.6707
  type: 'test'
  ...
# Subtest: a display status footer may follow AVS transactions but real subsequent prose still fails
ok 246 - a display status footer may follow AVS transactions but real subsequent prose still fails
  ---
  duration_ms: 0.2822
  type: 'test'
  ...
# Subtest: automatic instructions carry bounded prior wardrobe states and distinguish sleeve lowering from unchanged design
ok 247 - automatic instructions carry bounded prior wardrobe states and distinguish sleeve lowering from unchanged design
  ---
  duration_ms: 0.616
  type: 'test'
  ...
# Subtest: long outfit histories hash each message once without crossing edited or alternate branches
ok 248 - long outfit histories hash each message once without crossing edited or alternate branches
  ---
  duration_ms: 0.9539
  type: 'test'
  ...
# Subtest: AVS compatibility update preserves unrelated scripts and backs up original source once
ok 249 - AVS compatibility update preserves unrelated scripts and backs up original source once
  ---
  duration_ms: 0.6522
  type: 'test'
  ...
# Subtest: an unfinished image example in reasoning cannot consume real prose or destabilize picture hashes
ok 250 - an unfinished image example in reasoning cannot consume real prose or destabilize picture hashes
  ---
  duration_ms: 0.5546
  type: 'test'
  ...
# Subtest: ordinary legacy picture hashes stay compatible and changed real prose remains distinguishable
ok 251 - ordinary legacy picture hashes stay compatible and changed real prose remains distinguishable
  ---
  duration_ms: 0.3963
  type: 'test'
  ...
# Subtest: real SP table request builder requires a text reply and uses quiet network error semantics
ok 252 - real SP table request builder requires a text reply and uses quiet network error semantics
  ---
  duration_ms: 3.097
  type: 'test'
  ...
# Subtest: SP agent and other API calls retain their existing tool behavior
ok 253 - SP agent and other API calls retain their existing tool behavior
  ---
  duration_ms: 0.3222
  type: 'test'
  ...
# Subtest: actual table fill call enables the policy and recovered JSON does not create a false failure
ok 254 - actual table fill call enables the policy and recovered JSON does not create a false failure
  ---
  duration_ms: 14.5092
  type: 'test'
  ...
# Subtest: native caller tool policy bypasses the actual Kemini anti-truncation interceptor
ok 255 - native caller tool policy bypasses the actual Kemini anti-truncation interceptor
  ---
  duration_ms: 2.6353
  type: 'test'
  ...
# Subtest: actual SP response normalization resolves exact unique table names to frozen table indices
ok 256 - actual SP response normalization resolves exact unique table names to frozen table indices
  ---
  duration_ms: 1.2079
  type: 'test'
  ...
# Subtest: unknown and ambiguous table names remain invalid instead of writing to another sheet
ok 257 - unknown and ambiguous table names remain invalid instead of writing to another sheet
  ---
  duration_ms: 0.2842
  type: 'test'
  ...
# Subtest: table normalization leaves numeric calls, JSON values and text outside tableEdit intact
ok 258 - table normalization leaves numeric calls, JSON values and text outside tableEdit intact
  ---
  duration_ms: 0.2927
  type: 'test'
  ...
# Subtest: SP bounded retry classification accepts transient transport failures and refuses abort/auth/config failures
ok 259 - SP bounded retry classification accepts transient transport failures and refuses abort/auth/config failures
  ---
  duration_ms: 0.5703
  type: 'test'
  ...
# Subtest: actual SP fill path carries HTTP status and uses its existing bounded retry owner
ok 260 - actual SP fill path carries HTTP status and uses its existing bounded retry owner
  ---
  duration_ms: 8.7018
  type: 'test'
  ...
# Subtest: actual group collector retries a transient failure and returns the successful table response
ok 261 - actual group collector retries a transient failure and returns the successful table response
  ---
  duration_ms: 2.6662
  type: 'test'
  ...
# Subtest: actual group collector stops at its configured attempt limit and reports persistent failure
ok 262 - actual group collector stops at its configured attempt limit and reports persistent failure
  ---
  duration_ms: 1.781
  type: 'test'
  ...
# Subtest: actual group collector never retries auth failure or an already cancelled request
ok 263 - actual group collector never retries auth failure or an already cancelled request
  ---
  duration_ms: 0.7425
  type: 'test'
  ...
# Subtest: render queue waits for output completion before starting another image
ok 264 - render queue waits for output completion before starting another image
  ---
  duration_ms: 7.9991
  type: 'test'
  ...
# Subtest: one failed render pauses all pending work and retry is explicit
ok 265 - one failed render pauses all pending work and retry is explicit
  ---
  duration_ms: 1.4815
  type: 'test'
  ...
# Subtest: cancel and stale source never launch their queued tasks
ok 266 - cancel and stale source never launch their queued tasks
  ---
  duration_ms: 1.314
  type: 'test'
  ...
# Subtest: queue deduplicates automatic tokens and bounds pending work
ok 267 - queue deduplicates automatic tokens and bounds pending work
  ---
  duration_ms: 1.5796
  type: 'test'
  ...
# Subtest: new assistant reply automatically renders only its configured maximum and duplicate events do not repeat it
ok 268 - new assistant reply automatically renders only its configured maximum and duplicate events do not repeat it
  ---
  duration_ms: 29.4002
  type: 'test'
  ...
# Subtest: empty upstream reply is explained and never starts a drawing request
ok 269 - empty upstream reply is explained and never starts a drawing request
  ---
  duration_ms: 1.4236
  type: 'test'
  ...
# Subtest: API error text remains untouched and is not treated as drawable narrative
ok 270 - API error text remains untouched and is not treated as drawable narrative
  ---
  duration_ms: 0.841
  type: 'test'
  ...
# Subtest: reload and edited historical messages prepare buttons without automatically rendering
ok 271 - reload and edited historical messages prepare buttons without automatically rendering
  ---
  duration_ms: 4.4671
  type: 'test'
  ...
# Subtest: a delayed chat-load event after a new reply does not turn that generation into historical work
ok 272 - a delayed chat-load event after a new reply does not turn that generation into historical work
  ---
  duration_ms: 3.7896
  type: 'test'
  ...
# Subtest: prepare-only mode preserves the full number of manual buttons
ok 273 - prepare-only mode preserves the full number of manual buttons
  ---
  duration_ms: 2.5321
  type: 'test'
  ...
# Subtest: missing and invalid drawing controls report distinct automatic reasons without API calls
ok 274 - missing and invalid drawing controls report distinct automatic reasons without API calls
  ---
  duration_ms: 1.8643
  type: 'test'
  ...
# Subtest: actual queued output stores final artist, native recipe and reported model without private settings
ok 275 - actual queued output stores final artist, native recipe and reported model without private settings
  ---
  duration_ms: 3.7841
  type: 'test'
  ...
# Subtest: switching chats stops waiting work and keeps an already returned image with its original chat
ok 276 - switching chats stops waiting work and keeps an already returned image with its original chat
  ---
  duration_ms: 4.3046
  type: 'test'
  ...
# Subtest: an unsupported reference workflow is rejected before any upload instead of silently dropping the reference
ok 277 - an unsupported reference workflow is rejected before any upload instead of silently dropping the reference
  ---
  duration_ms: 0.8261
  type: 'test'
  ...
# Subtest: paragraph fallback hides reasoning and markers and locates repeated visible paragraphs separately
ok 278 - paragraph fallback hides reasoning and markers and locates repeated visible paragraphs separately
  ---
  duration_ms: 0.796
  type: 'test'
  ...
# Subtest: generation recipe supports multiword and Chinese artist names while excluding protocol tags
ok 279 - generation recipe supports multiword and Chinese artist names while excluding protocol tags
  ---
  duration_ms: 0.2883
  type: 'test'
  ...
# Subtest: native flattened prompt separates artist tags from following people and supports line delimiters
ok 280 - native flattened prompt separates artist tags from following people and supports line delimiters
  ---
  duration_ms: 0.1462
  type: 'test'
  ...
# Subtest: picture usage reports native prompt artists rather than claiming planned tags were applied
ok 281 - picture usage reports native prompt artists rather than claiming planned tags were applied
  ---
  duration_ms: 0.1826
  type: 'test'
  ...
# Subtest: connection preflight does not call a text model and distinguishes configured API from actual Comfy reachability
ok 282 - connection preflight does not call a text model and distinguishes configured API from actual Comfy reachability
  ---
  duration_ms: 40.1501
  type: 'test'
  ...
# Subtest: an explicitly removed coat on a chair becomes a scene prop without changing its design
ok 283 - an explicitly removed coat on a chair becomes a scene prop without changing its design
  ---
  duration_ms: 2.4027
  type: 'test'
  ...
# Subtest: another person removing a coat cannot remove this person clothing
ok 284 - another person removing a coat cannot remove this person clothing
  ---
  duration_ms: 0.571
  type: 'test'
  ...
# Subtest: explicit furniture placement is separated even if prose uses a pronoun
ok 285 - explicit furniture placement is separated even if prose uses a pronoun
  ---
  duration_ms: 1.4667
  type: 'test'
  ...
# Subtest: a real shoulder drape remains worn as described; missing placement never invents shoulders
ok 286 - a real shoulder drape remains worn as described; missing placement never invents shoulders
  ---
  duration_ms: 0.5554
  type: 'test'
  ...
# Subtest: a later return to wearing overrides earlier removal and chair placement
ok 287 - a later return to wearing overrides earlier removal and chair placement
  ---
  duration_ms: 0.3141
  type: 'test'
  ...
# Subtest: all seven requested dimensions are extracted from explicit Chinese narrative
ok 288 - all seven requested dimensions are extracted from explicit Chinese narrative
  ---
  duration_ms: 4.9981
  type: 'test'
  ...
# Subtest: wrong cached prototype cannot override narrative appearance or introduce animal anatomy
ok 289 - wrong cached prototype cannot override narrative appearance or introduce animal anatomy
  ---
  duration_ms: 1.7853
  type: 'test'
  ...
# Subtest: repeated scenes retain the same appearance and only explicit dye changes color
ok 290 - repeated scenes retain the same appearance and only explicit dye changes color
  ---
  duration_ms: 2.3969
  type: 'test'
  ...
# Subtest: named observations and other people never donate their appearance to the subject
ok 291 - named observations and other people never donate their appearance to the subject
  ---
  duration_ms: 0.4524
  type: 'test'
  ...
# Subtest: unspecified dimensions remain visibly unknown and do not invent stature or age
ok 292 - unspecified dimensions remain visibly unknown and do not invent stature or age
  ---
  duration_ms: 0.3186
  type: 'test'
  ...
# Subtest: child and teenager categories are neutral and omit breast-size rendering tags
ok 293 - child and teenager categories are neutral and omit breast-size rendering tags
  ---
  duration_ms: 0.5624
  type: 'test'
  ...
# Subtest: mature classification does not fabricate marriage, and source age remains exact
ok 294 - mature classification does not fabricate marriage, and source age remains exact
  ---
  duration_ms: 0.3679
  type: 'test'
  ...
# Subtest: source records without height or age evidence cannot satisfy those hard conditions
ok 295 - source records without height or age evidence cannot satisfy those hard conditions
  ---
  duration_ms: 3.2741
  type: 'test'
  ...
# Subtest: strict story candidates exclude source variants with conflicting extra colors
ok 296 - strict story candidates exclude source variants with conflicting extra colors
  ---
  duration_ms: 12.5816
  type: 'test'
  ...
# Subtest: all selected dimensions are hard candidate conditions rather than low-weight preferences
ok 297 - all selected dimensions are hard candidate conditions rather than low-weight preferences
  ---
  duration_ms: 44.4625
  type: 'test'
  ...
# Subtest: automatic extraction overrides a contradictory model proposal and compiles one concise identity
ok 298 - automatic extraction overrides a contradictory model proposal and compiles one concise identity
  ---
  duration_ms: 11.1983
  type: 'test'
  ...
# Subtest: real manual route repairs an existing bad profile using story context rather than model guess
ok 299 - real manual route repairs an existing bad profile using story context rather than model guess
  ---
  duration_ms: 10.0028
  type: 'test'
  ...
# Subtest: manual profile edits remain authoritative over later narrative reuse
ok 300 - manual profile edits remain authoritative over later narrative reuse
  ---
  duration_ms: 2.1068
  type: 'test'
  ...
# Subtest: camera simplification removes redundant composition but keeps essential environment and light
ok 301 - camera simplification removes redundant composition but keeps essential environment and light
  ---
  duration_ms: 0.2773
  type: 'test'
  ...
# Subtest: two-person binding keeps all seven appearance fields and outfit in the same owned position sentence
ok 302 - two-person binding keeps all seven appearance fields and outfit in the same owned position sentence
  ---
  duration_ms: 1.6282
  type: 'test'
  ...
# Subtest: a different full subject gets her own stature hair eyes body outfit and position
ok 303 - a different full subject gets her own stature hair eyes body outfit and position
  ---
  duration_ms: 0.3221
  type: 'test'
  ...
# Subtest: first migration installs the actual protocol and keeps it out of native global injection
ok 304 - first migration installs the actual protocol and keeps it out of native global injection
  ---
  duration_ms: 5.1967
  type: 'test'
  ...
# Subtest: editing saved entries replaces the hardcoded instruction in the next automatic prompt
ok 305 - editing saved entries replaces the hardcoded instruction in the next automatic prompt
  ---
  duration_ms: 3.8514
  type: 'test'
  ...
# Subtest: disabled and deleted entries disappear without a hidden fallback protocol
ok 306 - disabled and deleted entries disappear without a hidden fallback protocol
  ---
  duration_ms: 5.6598
  type: 'test'
  ...
# Subtest: native editor changes are refreshed before generation and never overwritten on restart
ok 307 - native editor changes are refreshed before generation and never overwritten on restart
  ---
  duration_ms: 4.6638
  type: 'test'
  ...
# Subtest: deletion in the native editor is respected, including after restart
ok 308 - deletion in the native editor is respected, including after restart
  ---
  duration_ms: 1.6816
  type: 'test'
  ...
# Subtest: imports roundtrip every unknown field and never overwrite an existing original
ok 309 - imports roundtrip every unknown field and never overwrite an existing original
  ---
  duration_ms: 3.3198
  type: 'test'
  ...
# Subtest: existing worldbook copy leaves the original file unchanged and inactive
ok 310 - existing worldbook copy leaves the original file unchanged and inactive
  ---
  duration_ms: 2.0959
  type: 'test'
  ...
# Subtest: invalid imports, save failures and failed deletions retain previously saved state
ok 311 - invalid imports, save failures and failed deletions retain previously saved state
  ---
  duration_ms: 5.8118
  type: 'test'
  ...
# Subtest: concurrent native edits produce a conflict instead of being silently overwritten
ok 312 - concurrent native edits produce a conflict instead of being silently overwritten
  ---
  duration_ms: 4.6877
  type: 'test'
  ...
# Subtest: native mode scans ordinary rules and renders dynamic facts only from visible context entries
ok 313 - native mode scans ordinary rules and renders dynamic facts only from visible context entries
  ---
  duration_ms: 2.3198
  type: 'test'
  ...
# Subtest: worldbook filter prevents duplicate always-injected rules in all four native lore lists
ok 314 - worldbook filter prevents duplicate always-injected rules in all four native lore lists
  ---
  duration_ms: 0.5993
  type: 'test'
  ...
# Subtest: restoring defaults creates a distinct copy, preserving user edits
ok 315 - restoring defaults creates a distinct copy, preserving user edits
  ---
  duration_ms: 5.5342
  type: 'test'
  ...
# Subtest: entry text is not truncated and validation does not mutate the supplied object
ok 316 - entry text is not truncated and validation does not mutate the supplied object
  ---
  duration_ms: 0.8898
  type: 'test'
  ...
# Subtest: unsafe filenames are rejected and operations serialize instead of losing entries
ok 317 - unsafe filenames are rejected and operations serialize instead of losing entries
  ---
  duration_ms: 1.986
  type: 'test'
  ...
# Subtest: a temporary read failure suppresses cached rules and native scanning without losing the chosen book
ok 318 - a temporary read failure suppresses cached rules and native scanning without losing the chosen book
  ---
  duration_ms: 2.6648
  type: 'test'
  ...
# Subtest: complete book exposes 28 entries including every manual rule and dynamic fact template
ok 319 - complete book exposes 28 entries including every manual rule and dynamic fact template
  ---
  duration_ms: 2.3155
  type: 'test'
  ...
# Subtest: automatic and manual rules do not leak into the other model request
ok 320 - automatic and manual rules do not leak into the other model request
  ---
  duration_ms: 1.1175
  type: 'test'
  ...
# Subtest: shared entries reach both stages while reference entries reach neither
ok 321 - shared entries reach both stages while reference entries reach neither
  ---
  duration_ms: 15.1045
  type: 'test'
  ...
# Subtest: editing manual rules replaces them immediately, without a parallel hidden prompt
ok 322 - editing manual rules replaces them immediately, without a parallel hidden prompt
  ---
  duration_ms: 0.9548
  type: 'test'
  ...
# Subtest: deleting all manual rules or disabling the book prevents an extraction request instead of using defaults
ok 323 - deleting all manual rules or disabling the book prevents an extraction request instead of using defaults
  ---
  duration_ms: 1.4734
  type: 'test'
  ...
# Subtest: native editor refresh occurs before manual request and the exact edited rule reaches system content
ok 324 - native editor refresh occurs before manual request and the exact edited rule reaches system content
  ---
  duration_ms: 30.9211
  type: 'test'
  ...
# Subtest: read failures do not send stale cached manual rules
ok 325 - read failures do not send stale cached manual rules
  ---
  duration_ms: 0.6176
  type: 'test'
  ...
# Subtest: minimal copy preserves protocols, guardrails and dynamic templates while removing rendering guides
ok 326 - minimal copy preserves protocols, guardrails and dynamic templates while removing rendering guides
  ---
  duration_ms: 0.8822
  type: 'test'
  ...
# Subtest: foreign entries append with unique IDs and preserve content, unknown fields, source metadata and inputs
ok 327 - foreign entries append with unique IDs and preserve content, unknown fields, source metadata and inputs
  ---
  duration_ms: 1.1962
  type: 'test'
  ...
# Subtest: automatic-only appended guides stay out of manual prompts
ok 328 - automatic-only appended guides stay out of manual prompts
  ---
  duration_ms: 0.8035
  type: 'test'
  ...
# Subtest: huge or nonnumeric existing keys cannot stall UID allocation or overwrite entries
ok 329 - huge or nonnumeric existing keys cannot stall UID allocation or overwrite entries
  ---
  duration_ms: 0.9507
  type: 'test'
  ...
# Subtest: unmodified v2.2.2 default migrates to a complete new file while the original stays exact
ok 330 - unmodified v2.2.2 default migrates to a complete new file while the original stays exact
  ---
  duration_ms: 10.8469
  type: 'test'
  ...
# Subtest: edited old book migrates without rewriting original automatic guidance or extra fields
ok 331 - edited old book migrates without rewriting original automatic guidance or extra fields
  ---
  duration_ms: 1.774
  type: 'test'
  ...
# Subtest: migration write failure leaves old active book and original data intact
ok 332 - migration write failure leaves old active book and original data intact
  ---
  duration_ms: 0.8779
  type: 'test'
  ...
# Subtest: deletion before migration is respected and no full book is silently resurrected
ok 333 - deletion before migration is respected and no full book is silently resurrected
  ---
  duration_ms: 0.1667
  type: 'test'
  ...
# Subtest: native scanner excludes manual, reference and directly injected context entries
ok 334 - native scanner excludes manual, reference and directly injected context entries
  ---
  duration_ms: 0.6116
  type: 'test'
  ...
# Subtest: dynamic templates expand at request time and are never written back to the book
ok 335 - dynamic templates expand at request time and are never written back to the book
  ---
  duration_ms: 0.8963
  type: 'test'
  ...
# Subtest: invalid stage metadata is rejected without altering arbitrary external fields
ok 336 - invalid stage metadata is rejected without altering arbitrary external fields
  ---
  duration_ms: 0.3001
  type: 'test'
  ...
# Subtest: Chinese manual guide copy preserves automatic rules and protocols while disabling only old manual guides
ok 337 - Chinese manual guide copy preserves automatic rules and protocols while disabling only old manual guides
  ---
  duration_ms: 4.7712
  type: 'test'
  ...
# Subtest: all model content-boundary clauses are grouped in top protection entries
ok 338 - all model content-boundary clauses are grouped in top protection entries
  ---
  duration_ms: 2.0563
  type: 'test'
  ...
# Subtest: portable protection entries retain per-stage and reference scopes on append
ok 339 - portable protection entries retain per-stage and reference scopes on append
  ---
  duration_ms: 0.9851
  type: 'test'
  ...
# Subtest: all replaceable guides sort after every necessary and reference entry regardless of priority
ok 340 - all replaceable guides sort after every necessary and reference entry regardless of priority
  ---
  duration_ms: 0.6883
  type: 'test'
  ...
# Subtest: necessary copy retains the complete execution reference alongside all protocols
ok 341 - necessary copy retains the complete execution reference alongside all protocols
  ---
  duration_ms: 0.7869
  type: 'test'
  ...
# Subtest: shared copy removes unused built-in guides and uses one visual guide for both stages
ok 342 - shared copy removes unused built-in guides and uses one visual guide for both stages
  ---
  duration_ms: 5.5793
  type: 'test'
  ...
# Subtest: cleaning preserves edited built-in guidance and arbitrary imported guidance
ok 343 - cleaning preserves edited built-in guidance and arbitrary imported guidance
  ---
  duration_ms: 3.4706
  type: 'test'
  ...
# Subtest: shared replacement keeps formats and foreign fields while sending exact guidance to both stages
ok 344 - shared replacement keeps formats and foreign fields while sending exact guidance to both stages
  ---
  duration_ms: 2.7178
  type: 'test'
  ...
# Subtest: content-boundary sentences do not remain scattered in outfit or compact guidance
ok 345 - content-boundary sentences do not remain scattered in outfit or compact guidance
  ---
  duration_ms: 0.3167
  type: 'test'
  ...
# Subtest: creating a shared copy twice retains edited shared guidance without appending another copy
ok 346 - creating a shared copy twice retains edited shared guidance without appending another copy
  ---
  duration_ms: 2.5722
  type: 'test'
  ...
1..346
# tests 346
# suites 0
# pass 346
# fail 0
# cancelled 0
# skipped 0
# todo 0
# duration_ms 3270.521
